// Jest Snapshot v1, https://goo.gl/fbAQLP

exports[`Header component must show header with and input and button for search and send query if button is press 1`] = `
<header>
  <form
    action="/items"
  >
    <input
      data-js="search-input"
      name="q"
      onChange={[Function]}
      value="iphone 8"
    />
    <button
      data-js="search-submit"
      onClick={[Function]}
      type="submit"
    >
      buscar
    </button>
  </form>
</header>
`;
